../Core/Src/main.c:98:5:main	24	static
../Core/Src/main.c:228:6:SystemClock_Config	88	static
../Core/Src/main.c:276:13:MX_ADC1_Init	56	static
../Core/Src/main.c:344:13:MX_RTC_Init	32	static
../Core/Src/main.c:410:13:MX_TIM16_Init	8	static
../Core/Src/main.c:442:13:MX_USART1_UART_Init	8	static
../Core/Src/main.c:490:13:MX_USART2_UART_Init	8	static
../Core/Src/main.c:538:13:MX_GPIO_Init	40	static
../Core/Src/main.c:565:6:DF_PlayTrack	24	static
../Core/Src/main.c:571:6:DF_SetVolume	24	static
../Core/Src/main.c:577:6:DF_Stop	16	static
../Core/Src/main.c:614:6:Error_Handler	4	static,ignoring_inline_asm
